[main 2725e2441] Auto-update weather data from local WeeWX server [skip ci]
 1 file changed, 7 insertions(+), 7 deletions(-)
To github.com:CloverTerrace/weather.git
   d80ce643d..2725e2441  main -> main
[main 7d215e81b] Auto-update weather data from local WeeWX server [skip ci]
 1 file changed, 7 insertions(+), 7 deletions(-)
To github.com:CloverTerrace/weather.git
 ! [rejected]            main -> main (fetch first)
error: failed to push some refs to 'github.com:CloverTerrace/weather.git'
hint: Updates were rejected because the remote contains work that you do not
hint: have locally. This is usually caused by another repository pushing to
hint: the same ref. If you want to integrate the remote changes, use
hint: 'git pull' before pushing again.
hint: See the 'Note about fast-forwards' in 'git push --help' for details.
[main 758addfd9] Auto-update weather data from local WeeWX server [skip ci]
 1 file changed, 5 insertions(+), 5 deletions(-)
To github.com:CloverTerrace/weather.git
   b8083140a..758addfd9  main -> main
[main 612b6683f] Auto-update weather data from local WeeWX server [skip ci]
 1 file changed, 7 insertions(+), 7 deletions(-)
To github.com:CloverTerrace/weather.git
 ! [rejected]            main -> main (fetch first)
error: failed to push some refs to 'github.com:CloverTerrace/weather.git'
hint: Updates were rejected because the remote contains work that you do not
hint: have locally. This is usually caused by another repository pushing to
hint: the same ref. If you want to integrate the remote changes, use
hint: 'git pull' before pushing again.
hint: See the 'Note about fast-forwards' in 'git push --help' for details.
[main 30894b102] Auto-update weather data from local WeeWX server [skip ci]
 1 file changed, 5 insertions(+), 5 deletions(-)
To github.com:CloverTerrace/weather.git
   574c36a21..30894b102  main -> main
[main 6ea33d5a1] Auto-update weather data from local WeeWX server [skip ci]
 1 file changed, 8 insertions(+), 8 deletions(-)
To github.com:CloverTerrace/weather.git
   690dedc2f..6ea33d5a1  main -> main
[main 05a79a0ce] Auto-update weather data from local WeeWX server [skip ci]
 1 file changed, 6 insertions(+), 6 deletions(-)
To github.com:CloverTerrace/weather.git
   49e15cc67..05a79a0ce  main -> main
[main 706e35f05] Auto-update weather data from local WeeWX server [skip ci]
 1 file changed, 6 insertions(+), 6 deletions(-)
To github.com:CloverTerrace/weather.git
   6e2a62d28..706e35f05  main -> main
[main a3c21dc9a] Auto-update weather data from local WeeWX server [skip ci]
 1 file changed, 5 insertions(+), 5 deletions(-)
To github.com:CloverTerrace/weather.git
   909d0a6db..a3c21dc9a  main -> main
[main 0a962b283] Auto-update weather data from local WeeWX server [skip ci]
 1 file changed, 6 insertions(+), 6 deletions(-)
To github.com:CloverTerrace/weather.git
   e449720ff..0a962b283  main -> main
[main cc4011424] Auto-update weather data from local WeeWX server [skip ci]
 1 file changed, 4 insertions(+), 4 deletions(-)
To github.com:CloverTerrace/weather.git
   cca96f34c..cc4011424  main -> main
[main 04e914bb4] Auto-update weather data from local WeeWX server [skip ci]
 1 file changed, 5 insertions(+), 5 deletions(-)
To github.com:CloverTerrace/weather.git
   824f24d0f..04e914bb4  main -> main
[main 8ccaeaa6a] Auto-update weather data from local WeeWX server [skip ci]
 1 file changed, 13 insertions(+), 13 deletions(-)
To github.com:CloverTerrace/weather.git
   22c225d97..8ccaeaa6a  main -> main
[main 19dccac1b] Auto-update weather data from local WeeWX server [skip ci]
 1 file changed, 5 insertions(+), 5 deletions(-)
To github.com:CloverTerrace/weather.git
   e5ba1d2d5..19dccac1b  main -> main
[main f6e60cb22] Auto-update weather data from local WeeWX server [skip ci]
 1 file changed, 7 insertions(+), 7 deletions(-)
To github.com:CloverTerrace/weather.git
   b72d68c52..f6e60cb22  main -> main
[main a1273fa48] Auto-update weather data from local WeeWX server [skip ci]
 1 file changed, 7 insertions(+), 7 deletions(-)
To github.com:CloverTerrace/weather.git
   a503fc450..a1273fa48  main -> main
[main aed26a114] Auto-update weather data from local WeeWX server [skip ci]
 1 file changed, 7 insertions(+), 7 deletions(-)
To github.com:CloverTerrace/weather.git
   c00b29b4a..aed26a114  main -> main
[main fea5602cf] Auto-update weather data from local WeeWX server [skip ci]
 1 file changed, 5 insertions(+), 5 deletions(-)
To github.com:CloverTerrace/weather.git
   06c0ce537..fea5602cf  main -> main
[main d6c3e0f6a] Auto-update weather data from local WeeWX server [skip ci]
 1 file changed, 6 insertions(+), 6 deletions(-)
To github.com:CloverTerrace/weather.git
   6b8fc774b..d6c3e0f6a  main -> main
[main 7411d0c59] Auto-update weather data from local WeeWX server [skip ci]
 1 file changed, 6 insertions(+), 6 deletions(-)
To github.com:CloverTerrace/weather.git
   4ae1496a6..7411d0c59  main -> main
[main eae523f71] Auto-update weather data from local WeeWX server [skip ci]
 1 file changed, 5 insertions(+), 5 deletions(-)
To github.com:CloverTerrace/weather.git
   9b8401bc3..eae523f71  main -> main
[main 1b3bce5ba] Auto-update weather data from local WeeWX server [skip ci]
 1 file changed, 6 insertions(+), 6 deletions(-)
To github.com:CloverTerrace/weather.git
   4bc9dba0e..1b3bce5ba  main -> main
[main eefba6fbd] Auto-update weather data from local WeeWX server [skip ci]
 1 file changed, 4 insertions(+), 4 deletions(-)
To github.com:CloverTerrace/weather.git
   a45f31d7e..eefba6fbd  main -> main
[main e3e13612e] Auto-update weather data from local WeeWX server [skip ci]
 1 file changed, 7 insertions(+), 7 deletions(-)
To github.com:CloverTerrace/weather.git
   f3d440fb2..e3e13612e  main -> main
[main a06138841] Auto-update weather data from local WeeWX server [skip ci]
 1 file changed, 3 insertions(+), 3 deletions(-)
To github.com:CloverTerrace/weather.git
   66658f55d..a06138841  main -> main
[main f172f2820] Auto-update weather data from local WeeWX server [skip ci]
 1 file changed, 7 insertions(+), 7 deletions(-)
To github.com:CloverTerrace/weather.git
   baa59ae37..f172f2820  main -> main
[main 3648f0a53] Auto-update weather data from local WeeWX server [skip ci]
 1 file changed, 6 insertions(+), 6 deletions(-)
To github.com:CloverTerrace/weather.git
   9d69dd141..3648f0a53  main -> main
[main fa05f8fb6] Auto-update weather data from local WeeWX server [skip ci]
 1 file changed, 6 insertions(+), 6 deletions(-)
To github.com:CloverTerrace/weather.git
   96d4807c1..fa05f8fb6  main -> main
[main 9e1c03517] Auto-update weather data from local WeeWX server [skip ci]
 1 file changed, 5 insertions(+), 5 deletions(-)
To github.com:CloverTerrace/weather.git
   842b55930..9e1c03517  main -> main
[main 38013e583] Auto-update weather data from local WeeWX server [skip ci]
 1 file changed, 6 insertions(+), 6 deletions(-)
To github.com:CloverTerrace/weather.git
   a817bd89f..38013e583  main -> main
[main 96dfbfb2c] Auto-update weather data from local WeeWX server [skip ci]
 1 file changed, 6 insertions(+), 6 deletions(-)
To github.com:CloverTerrace/weather.git
   bc1aae6e0..96dfbfb2c  main -> main
[main e4f8624fe] Auto-update weather data from local WeeWX server [skip ci]
 1 file changed, 5 insertions(+), 5 deletions(-)
To github.com:CloverTerrace/weather.git
   e639069a6..e4f8624fe  main -> main
[main 6d8dc1a00] Auto-update weather data from local WeeWX server [skip ci]
 1 file changed, 8 insertions(+), 8 deletions(-)
To github.com:CloverTerrace/weather.git
   23ca882cf..6d8dc1a00  main -> main
[main 029738e7b] Auto-update weather data from local WeeWX server [skip ci]
 1 file changed, 4 insertions(+), 4 deletions(-)
To github.com:CloverTerrace/weather.git
   ba1ce12cc..029738e7b  main -> main
[main 4766634f8] Auto-update weather data from local WeeWX server [skip ci]
 1 file changed, 5 insertions(+), 5 deletions(-)
To github.com:CloverTerrace/weather.git
   29eec0841..4766634f8  main -> main
[main 190bf0e05] Auto-update weather data from local WeeWX server [skip ci]
 1 file changed, 5 insertions(+), 5 deletions(-)
To github.com:CloverTerrace/weather.git
   1754c2503..190bf0e05  main -> main
[main 3326c9f62] Auto-update weather data from local WeeWX server [skip ci]
 1 file changed, 6 insertions(+), 6 deletions(-)
To github.com:CloverTerrace/weather.git
   9a208020f..3326c9f62  main -> main
[main ab5e73afc] Auto-update weather data from local WeeWX server [skip ci]
 1 file changed, 7 insertions(+), 7 deletions(-)
To github.com:CloverTerrace/weather.git
   b774fa807..ab5e73afc  main -> main
[main 11814ab0c] Auto-update weather data from local WeeWX server [skip ci]
 1 file changed, 7 insertions(+), 7 deletions(-)
To github.com:CloverTerrace/weather.git
   079722188..11814ab0c  main -> main
[main 19941b11e] Auto-update weather data from local WeeWX server [skip ci]
 1 file changed, 8 insertions(+), 8 deletions(-)
To github.com:CloverTerrace/weather.git
   7cbeef38d..19941b11e  main -> main
[main e4f083698] Auto-update weather data from local WeeWX server [skip ci]
 1 file changed, 6 insertions(+), 6 deletions(-)
To github.com:CloverTerrace/weather.git
   e0509ab7b..e4f083698  main -> main
[main 197ac6534] Auto-update weather data from local WeeWX server [skip ci]
 1 file changed, 7 insertions(+), 7 deletions(-)
To github.com:CloverTerrace/weather.git
   ebdb8fe6e..197ac6534  main -> main
[main 27ab8b929] Auto-update weather data from local WeeWX server [skip ci]
 1 file changed, 6 insertions(+), 6 deletions(-)
To github.com:CloverTerrace/weather.git
   95bd54ff8..27ab8b929  main -> main
[main 2a63f4dea] Auto-update weather data from local WeeWX server [skip ci]
 1 file changed, 6 insertions(+), 6 deletions(-)
To github.com:CloverTerrace/weather.git
   250157bde..2a63f4dea  main -> main
[main 3261d46b7] Auto-update weather data from local WeeWX server [skip ci]
 1 file changed, 4 insertions(+), 4 deletions(-)
To github.com:CloverTerrace/weather.git
   0567955a0..3261d46b7  main -> main
[main 1a8dec4aa] Auto-update weather data from local WeeWX server [skip ci]
 1 file changed, 6 insertions(+), 6 deletions(-)
To github.com:CloverTerrace/weather.git
   77830957b..1a8dec4aa  main -> main
[main 0c7e4f8ff] Auto-update weather data from local WeeWX server [skip ci]
 1 file changed, 5 insertions(+), 5 deletions(-)
To github.com:CloverTerrace/weather.git
   05acf6cf4..0c7e4f8ff  main -> main
[main 50a7145ec] Auto-update weather data from local WeeWX server [skip ci]
 1 file changed, 5 insertions(+), 5 deletions(-)
To github.com:CloverTerrace/weather.git
   fb2866ca0..50a7145ec  main -> main
[main b3b5ca4cd] Auto-update weather data from local WeeWX server [skip ci]
 1 file changed, 6 insertions(+), 6 deletions(-)
To github.com:CloverTerrace/weather.git
   001c29f04..b3b5ca4cd  main -> main
[main b5734197a] Auto-update weather data from local WeeWX server [skip ci]
 1 file changed, 12 insertions(+), 12 deletions(-)
To github.com:CloverTerrace/weather.git
   20582e61b..b5734197a  main -> main
[main ac9f702ef] Auto-update weather data from local WeeWX server [skip ci]
 1 file changed, 6 insertions(+), 6 deletions(-)
To github.com:CloverTerrace/weather.git
   246c3bb9e..ac9f702ef  main -> main
[main a1a9e3259] Auto-update weather data from local WeeWX server [skip ci]
 1 file changed, 4 insertions(+), 4 deletions(-)
To github.com:CloverTerrace/weather.git
   6e1fa3de0..a1a9e3259  main -> main
[main b514bb316] Auto-update weather data from local WeeWX server [skip ci]
 1 file changed, 10 insertions(+), 10 deletions(-)
To github.com:CloverTerrace/weather.git
   6dac0ffef..b514bb316  main -> main
[main a94fb6f58] Auto-update weather data from local WeeWX server [skip ci]
 1 file changed, 6 insertions(+), 6 deletions(-)
To github.com:CloverTerrace/weather.git
 ! [rejected]            main -> main (fetch first)
error: failed to push some refs to 'github.com:CloverTerrace/weather.git'
hint: Updates were rejected because the remote contains work that you do not
hint: have locally. This is usually caused by another repository pushing to
hint: the same ref. If you want to integrate the remote changes, use
hint: 'git pull' before pushing again.
hint: See the 'Note about fast-forwards' in 'git push --help' for details.
[main 6f7999000] Auto-update weather data from local WeeWX server [skip ci]
 1 file changed, 5 insertions(+), 5 deletions(-)
To github.com:CloverTerrace/weather.git
   426733270..6f7999000  main -> main
[main 5c96d0462] Auto-update weather data from local WeeWX server [skip ci]
 1 file changed, 5 insertions(+), 5 deletions(-)
To github.com:CloverTerrace/weather.git
 ! [rejected]            main -> main (fetch first)
error: failed to push some refs to 'github.com:CloverTerrace/weather.git'
hint: Updates were rejected because the remote contains work that you do not
hint: have locally. This is usually caused by another repository pushing to
hint: the same ref. If you want to integrate the remote changes, use
hint: 'git pull' before pushing again.
hint: See the 'Note about fast-forwards' in 'git push --help' for details.
[main ac7848494] Auto-update weather data from local WeeWX server [skip ci]
 1 file changed, 5 insertions(+), 5 deletions(-)
To github.com:CloverTerrace/weather.git
   e9fab69b1..ac7848494  main -> main
[main 902f1c8b4] Auto-update weather data from local WeeWX server [skip ci]
 1 file changed, 5 insertions(+), 5 deletions(-)
To github.com:CloverTerrace/weather.git
   62f248da1..902f1c8b4  main -> main
[main bd7906063] Auto-update weather data from local WeeWX server [skip ci]
 1 file changed, 4 insertions(+), 4 deletions(-)
To github.com:CloverTerrace/weather.git
   44d29c9eb..bd7906063  main -> main
[main 1f7c665fc] Auto-update weather data from local WeeWX server [skip ci]
 1 file changed, 5 insertions(+), 5 deletions(-)
To github.com:CloverTerrace/weather.git
   c23ae2e47..1f7c665fc  main -> main
[main d46995a16] Auto-update weather data from local WeeWX server [skip ci]
 1 file changed, 6 insertions(+), 6 deletions(-)
To github.com:CloverTerrace/weather.git
   33b6ca0ec..d46995a16  main -> main
[main 8c670b206] Auto-update weather data from local WeeWX server [skip ci]
 1 file changed, 3 insertions(+), 3 deletions(-)
To github.com:CloverTerrace/weather.git
   a2230a702..8c670b206  main -> main
[main 1ed2f63fc] Auto-update weather data from local WeeWX server [skip ci]
 1 file changed, 5 insertions(+), 5 deletions(-)
To github.com:CloverTerrace/weather.git
   c817c41cf..1ed2f63fc  main -> main
[main 5264767be] Auto-update weather data from local WeeWX server [skip ci]
 1 file changed, 3 insertions(+), 3 deletions(-)
To github.com:CloverTerrace/weather.git
   6851fb989..5264767be  main -> main
[main b566004e5] Auto-update weather data from local WeeWX server [skip ci]
 1 file changed, 6 insertions(+), 6 deletions(-)
To github.com:CloverTerrace/weather.git
   cf0bcef66..b566004e5  main -> main
[main f12178f1e] Auto-update weather data from local WeeWX server [skip ci]
 1 file changed, 5 insertions(+), 5 deletions(-)
To github.com:CloverTerrace/weather.git
   11a2f7c9e..f12178f1e  main -> main
[main c466178fc] Auto-update weather data from local WeeWX server [skip ci]
 1 file changed, 5 insertions(+), 5 deletions(-)
To github.com:CloverTerrace/weather.git
   e0f06f128..c466178fc  main -> main
[main 845c4955d] Auto-update weather data from local WeeWX server [skip ci]
 1 file changed, 5 insertions(+), 5 deletions(-)
To github.com:CloverTerrace/weather.git
   9bdd31005..845c4955d  main -> main
[main cfbe1eb7e] Auto-update weather data from local WeeWX server [skip ci]
 1 file changed, 5 insertions(+), 5 deletions(-)
To github.com:CloverTerrace/weather.git
   475b95ad5..cfbe1eb7e  main -> main
[main ef70c0e52] Auto-update weather data from local WeeWX server [skip ci]
 1 file changed, 3 insertions(+), 3 deletions(-)
To github.com:CloverTerrace/weather.git
   632368cf2..ef70c0e52  main -> main
[main 1a5f55ab6] Auto-update weather data from local WeeWX server [skip ci]
 1 file changed, 4 insertions(+), 4 deletions(-)
To github.com:CloverTerrace/weather.git
   63f8b3d26..1a5f55ab6  main -> main
[main 7fc8497ea] Auto-update weather data from local WeeWX server [skip ci]
 1 file changed, 6 insertions(+), 6 deletions(-)
To github.com:CloverTerrace/weather.git
   f43ed7096..7fc8497ea  main -> main
[main fc839f66a] Auto-update weather data from local WeeWX server [skip ci]
 1 file changed, 4 insertions(+), 4 deletions(-)
To github.com:CloverTerrace/weather.git
   c338fd455..fc839f66a  main -> main
[main 1519c7d3a] Auto-update weather data from local WeeWX server [skip ci]
 1 file changed, 5 insertions(+), 5 deletions(-)
To github.com:CloverTerrace/weather.git
   c44e296bb..1519c7d3a  main -> main
[main fad2cc0bd] Auto-update weather data from local WeeWX server [skip ci]
 1 file changed, 3 insertions(+), 3 deletions(-)
To github.com:CloverTerrace/weather.git
   b08295b44..fad2cc0bd  main -> main
[main 0a983b2f8] Auto-update weather data from local WeeWX server [skip ci]
 1 file changed, 5 insertions(+), 5 deletions(-)
To github.com:CloverTerrace/weather.git
   706069f71..0a983b2f8  main -> main
[main 20993ae79] Auto-update weather data from local WeeWX server [skip ci]
 1 file changed, 5 insertions(+), 5 deletions(-)
To github.com:CloverTerrace/weather.git
   185941dd9..20993ae79  main -> main
[main 94ccedf9a] Auto-update weather data from local WeeWX server [skip ci]
 1 file changed, 3 insertions(+), 3 deletions(-)
To github.com:CloverTerrace/weather.git
   73c0c1590..94ccedf9a  main -> main
[main 7fd4864a6] Auto-update weather data from local WeeWX server [skip ci]
 1 file changed, 5 insertions(+), 5 deletions(-)
To github.com:CloverTerrace/weather.git
   8cc67c080..7fd4864a6  main -> main
[main 101afd67a] Auto-update weather data from local WeeWX server [skip ci]
 1 file changed, 4 insertions(+), 4 deletions(-)
To github.com:CloverTerrace/weather.git
 ! [rejected]            main -> main (fetch first)
error: failed to push some refs to 'github.com:CloverTerrace/weather.git'
hint: Updates were rejected because the remote contains work that you do not
hint: have locally. This is usually caused by another repository pushing to
hint: the same ref. If you want to integrate the remote changes, use
hint: 'git pull' before pushing again.
hint: See the 'Note about fast-forwards' in 'git push --help' for details.
[main 6b9e02698] Auto-update weather data from local WeeWX server [skip ci]
 1 file changed, 3 insertions(+), 3 deletions(-)
To github.com:CloverTerrace/weather.git
   f8453d4e1..6b9e02698  main -> main
[main b29264cc0] Auto-update weather data from local WeeWX server [skip ci]
 1 file changed, 5 insertions(+), 5 deletions(-)
To github.com:CloverTerrace/weather.git
   db72410d0..b29264cc0  main -> main
[main 702b0ce16] Auto-update weather data from local WeeWX server [skip ci]
 1 file changed, 4 insertions(+), 4 deletions(-)
To github.com:CloverTerrace/weather.git
   dcb762fd2..702b0ce16  main -> main
[main b239ca75a] Auto-update weather data from local WeeWX server [skip ci]
 1 file changed, 5 insertions(+), 5 deletions(-)
To github.com:CloverTerrace/weather.git
   e9922b1f1..b239ca75a  main -> main
[main 7fd224cc1] Auto-update weather data from local WeeWX server [skip ci]
 1 file changed, 5 insertions(+), 5 deletions(-)
To github.com:CloverTerrace/weather.git
   071acc13e..7fd224cc1  main -> main
[main d2bbf11aa] Auto-update weather data from local WeeWX server [skip ci]
 1 file changed, 5 insertions(+), 5 deletions(-)
To github.com:CloverTerrace/weather.git
   1c4d1c993..d2bbf11aa  main -> main
[main 5c31936f8] Auto-update weather data from local WeeWX server [skip ci]
 1 file changed, 5 insertions(+), 5 deletions(-)
To github.com:CloverTerrace/weather.git
   1f7998663..5c31936f8  main -> main
[main 195dfdbba] Auto-update weather data from local WeeWX server [skip ci]
 1 file changed, 4 insertions(+), 4 deletions(-)
To github.com:CloverTerrace/weather.git
   ddf699bd5..195dfdbba  main -> main
[main 1e3ab9b7b] Auto-update weather data from local WeeWX server [skip ci]
 1 file changed, 5 insertions(+), 5 deletions(-)
To github.com:CloverTerrace/weather.git
   18d1f9bd7..1e3ab9b7b  main -> main
[main e6949fab1] Auto-update weather data from local WeeWX server [skip ci]
 1 file changed, 5 insertions(+), 5 deletions(-)
To github.com:CloverTerrace/weather.git
   d166bba47..e6949fab1  main -> main
[main f9f74ab78] Auto-update weather data from local WeeWX server [skip ci]
 1 file changed, 3 insertions(+), 3 deletions(-)
To github.com:CloverTerrace/weather.git
   77da903ce..f9f74ab78  main -> main
[main b346bbd53] Auto-update weather data from local WeeWX server [skip ci]
 1 file changed, 3 insertions(+), 3 deletions(-)
To github.com:CloverTerrace/weather.git
   c8faebe97..b346bbd53  main -> main
[main 1cb0f89c6] Auto-update weather data from local WeeWX server [skip ci]
 1 file changed, 3 insertions(+), 3 deletions(-)
To github.com:CloverTerrace/weather.git
   4b61c9642..1cb0f89c6  main -> main
[main d9cc41bc3] Auto-update weather data from local WeeWX server [skip ci]
 1 file changed, 4 insertions(+), 4 deletions(-)
To github.com:CloverTerrace/weather.git
   81b6ff4f5..d9cc41bc3  main -> main
[main 33bb5fab6] Auto-update weather data from local WeeWX server [skip ci]
 1 file changed, 5 insertions(+), 5 deletions(-)
To github.com:CloverTerrace/weather.git
   f632e8469..33bb5fab6  main -> main
[main 014be5798] Auto-update weather data from local WeeWX server [skip ci]
 1 file changed, 4 insertions(+), 4 deletions(-)
To github.com:CloverTerrace/weather.git
   2e99c703a..014be5798  main -> main
[main 6c987424f] Auto-update weather data from local WeeWX server [skip ci]
 1 file changed, 2 insertions(+), 2 deletions(-)
To github.com:CloverTerrace/weather.git
 ! [rejected]            main -> main (fetch first)
error: failed to push some refs to 'github.com:CloverTerrace/weather.git'
hint: Updates were rejected because the remote contains work that you do not
hint: have locally. This is usually caused by another repository pushing to
hint: the same ref. If you want to integrate the remote changes, use
hint: 'git pull' before pushing again.
hint: See the 'Note about fast-forwards' in 'git push --help' for details.
[main f1475c170] Auto-update weather data from local WeeWX server [skip ci]
 1 file changed, 5 insertions(+), 5 deletions(-)
To github.com:CloverTerrace/weather.git
   883ef291a..f1475c170  main -> main
[main 87604cd8c] Auto-update weather data from local WeeWX server [skip ci]
 1 file changed, 2 insertions(+), 2 deletions(-)
To github.com:CloverTerrace/weather.git
   10779f00b..87604cd8c  main -> main
[main dc5b061fe] Auto-update weather data from local WeeWX server [skip ci]
 1 file changed, 4 insertions(+), 4 deletions(-)
To github.com:CloverTerrace/weather.git
   a96c51341..dc5b061fe  main -> main
[main 6c7a1e29f] Auto-update weather data from local WeeWX server [skip ci]
 1 file changed, 3 insertions(+), 3 deletions(-)
To github.com:CloverTerrace/weather.git
   7f1391698..6c7a1e29f  main -> main
[main 420e821d0] Auto-update weather data from local WeeWX server [skip ci]
 1 file changed, 5 insertions(+), 5 deletions(-)
To github.com:CloverTerrace/weather.git
   c366668ed..420e821d0  main -> main
[main a26c840cc] Auto-update weather data from local WeeWX server [skip ci]
 1 file changed, 5 insertions(+), 5 deletions(-)
To github.com:CloverTerrace/weather.git
 ! [remote rejected]     main -> main (cannot lock ref 'refs/heads/main': is at 7431412863d655fa11cbc374755522294316d11f but expected fa829b7acbfa8315fb15f6a04f695e42c6b0f7bb)
error: failed to push some refs to 'github.com:CloverTerrace/weather.git'
[main 085ba4a0e] Auto-update weather data from local WeeWX server [skip ci]
 1 file changed, 4 insertions(+), 4 deletions(-)
To github.com:CloverTerrace/weather.git
   a7556bfc3..085ba4a0e  main -> main
[main 1bd3733c9] Auto-update weather data from local WeeWX server [skip ci]
 1 file changed, 4 insertions(+), 4 deletions(-)
To github.com:CloverTerrace/weather.git
   b0131cd66..1bd3733c9  main -> main
[main 10924aa66] Auto-update weather data from local WeeWX server [skip ci]
 1 file changed, 3 insertions(+), 3 deletions(-)
To github.com:CloverTerrace/weather.git
   bf7bd99cf..10924aa66  main -> main
[main 882379c25] Auto-update weather data from local WeeWX server [skip ci]
 1 file changed, 4 insertions(+), 4 deletions(-)
To github.com:CloverTerrace/weather.git
   403821e3e..882379c25  main -> main
[main 7b13ff983] Auto-update weather data from local WeeWX server [skip ci]
 1 file changed, 3 insertions(+), 3 deletions(-)
To github.com:CloverTerrace/weather.git
   d975fa513..7b13ff983  main -> main
[main 48a0b9ba3] Auto-update weather data from local WeeWX server [skip ci]
 1 file changed, 5 insertions(+), 5 deletions(-)
To github.com:CloverTerrace/weather.git
 ! [rejected]            main -> main (fetch first)
error: failed to push some refs to 'github.com:CloverTerrace/weather.git'
hint: Updates were rejected because the remote contains work that you do not
hint: have locally. This is usually caused by another repository pushing to
hint: the same ref. If you want to integrate the remote changes, use
hint: 'git pull' before pushing again.
hint: See the 'Note about fast-forwards' in 'git push --help' for details.
[main 0cdfa6906] Auto-update weather data from local WeeWX server [skip ci]
 1 file changed, 5 insertions(+), 5 deletions(-)
To github.com:CloverTerrace/weather.git
   ff31c405d..0cdfa6906  main -> main
[main 3e3d83605] Auto-update weather data from local WeeWX server [skip ci]
 1 file changed, 4 insertions(+), 4 deletions(-)
To github.com:CloverTerrace/weather.git
   da393ab5b..3e3d83605  main -> main
[main 6ac7cb791] Auto-update weather data from local WeeWX server [skip ci]
 1 file changed, 4 insertions(+), 4 deletions(-)
To github.com:CloverTerrace/weather.git
   819271ad3..6ac7cb791  main -> main
[main f827a4c22] Auto-update weather data from local WeeWX server [skip ci]
 1 file changed, 2 insertions(+), 2 deletions(-)
To github.com:CloverTerrace/weather.git
   0fad69ede..f827a4c22  main -> main
[main d602f9fb4] Auto-update weather data from local WeeWX server [skip ci]
 1 file changed, 5 insertions(+), 5 deletions(-)
To github.com:CloverTerrace/weather.git
   b0b74a829..d602f9fb4  main -> main
[main 059f7a3ea] Auto-update weather data from local WeeWX server [skip ci]
 1 file changed, 3 insertions(+), 3 deletions(-)
To github.com:CloverTerrace/weather.git
 ! [rejected]            main -> main (fetch first)
error: failed to push some refs to 'github.com:CloverTerrace/weather.git'
hint: Updates were rejected because the remote contains work that you do not
hint: have locally. This is usually caused by another repository pushing to
hint: the same ref. If you want to integrate the remote changes, use
hint: 'git pull' before pushing again.
hint: See the 'Note about fast-forwards' in 'git push --help' for details.
[main 80eab3d66] Auto-update weather data from local WeeWX server [skip ci]
 1 file changed, 3 insertions(+), 3 deletions(-)
To github.com:CloverTerrace/weather.git
   a90845df8..80eab3d66  main -> main
[main f15946e9b] Auto-update weather data from local WeeWX server [skip ci]
 1 file changed, 4 insertions(+), 4 deletions(-)
To github.com:CloverTerrace/weather.git
   96feac204..f15946e9b  main -> main
[main 70a462236] Auto-update weather data from local WeeWX server [skip ci]
 1 file changed, 6 insertions(+), 6 deletions(-)
To github.com:CloverTerrace/weather.git
   8d64d6043..70a462236  main -> main
[main 7c66993cb] Auto-update weather data from local WeeWX server [skip ci]
 1 file changed, 5 insertions(+), 5 deletions(-)
To github.com:CloverTerrace/weather.git
   d5bf5934d..7c66993cb  main -> main
[main d63ba9d13] Auto-update weather data from local WeeWX server [skip ci]
 1 file changed, 4 insertions(+), 4 deletions(-)
To github.com:CloverTerrace/weather.git
   d9b885511..d63ba9d13  main -> main
[main aa55fef9c] Auto-update weather data from local WeeWX server [skip ci]
 1 file changed, 4 insertions(+), 4 deletions(-)
To github.com:CloverTerrace/weather.git
   653fc4df6..aa55fef9c  main -> main
[main 3b99096fb] Auto-update weather data from local WeeWX server [skip ci]
 1 file changed, 4 insertions(+), 4 deletions(-)
To github.com:CloverTerrace/weather.git
   9693bbe79..3b99096fb  main -> main
[main 3e7739700] Auto-update weather data from local WeeWX server [skip ci]
 1 file changed, 6 insertions(+), 6 deletions(-)
To github.com:CloverTerrace/weather.git
   ade041998..3e7739700  main -> main
[main d11ee107c] Auto-update weather data from local WeeWX server [skip ci]
 1 file changed, 4 insertions(+), 4 deletions(-)
To github.com:CloverTerrace/weather.git
   38840036b..d11ee107c  main -> main
[main 58c74d097] Auto-update weather data from local WeeWX server [skip ci]
 1 file changed, 5 insertions(+), 5 deletions(-)
To github.com:CloverTerrace/weather.git
   86430afe6..58c74d097  main -> main
[main 8e67b031a] Auto-update weather data from local WeeWX server [skip ci]
 1 file changed, 5 insertions(+), 5 deletions(-)
To github.com:CloverTerrace/weather.git
   5f9edbbc1..8e67b031a  main -> main
[main 8f88756a8] Auto-update weather data from local WeeWX server [skip ci]
 1 file changed, 4 insertions(+), 4 deletions(-)
To github.com:CloverTerrace/weather.git
 ! [remote rejected]     main -> main (cannot lock ref 'refs/heads/main': is at 87593e137acea2851253c5814b994d5ffb51e443 but expected faf240237ab77bad73854bbbc1ee6087987dfef3)
error: failed to push some refs to 'github.com:CloverTerrace/weather.git'
[main bd23aa0a9] Auto-update weather data from local WeeWX server [skip ci]
 1 file changed, 3 insertions(+), 3 deletions(-)
To github.com:CloverTerrace/weather.git
   00d30d19e..bd23aa0a9  main -> main
[main d6f6afeae] Auto-update weather data from local WeeWX server [skip ci]
 1 file changed, 3 insertions(+), 3 deletions(-)
To github.com:CloverTerrace/weather.git
   0aab6d501..d6f6afeae  main -> main
[main da753cf09] Auto-update weather data from local WeeWX server [skip ci]
 1 file changed, 4 insertions(+), 4 deletions(-)
To github.com:CloverTerrace/weather.git
 ! [rejected]            main -> main (fetch first)
error: failed to push some refs to 'github.com:CloverTerrace/weather.git'
hint: Updates were rejected because the remote contains work that you do not
hint: have locally. This is usually caused by another repository pushing to
hint: the same ref. If you want to integrate the remote changes, use
hint: 'git pull' before pushing again.
hint: See the 'Note about fast-forwards' in 'git push --help' for details.
Auto packing the repository in background for optimum performance.
See "git help gc" for manual housekeeping.
[main 4540f0e5a] Auto-update weather data from local WeeWX server [skip ci]
 1 file changed, 4 insertions(+), 4 deletions(-)
To github.com:CloverTerrace/weather.git
   c627e79dc..4540f0e5a  main -> main
[main 2852c8c9b] Auto-update weather data from local WeeWX server [skip ci]
 1 file changed, 3 insertions(+), 3 deletions(-)
To github.com:CloverTerrace/weather.git
   0210abc4a..2852c8c9b  main -> main
[main db2fa90c8] Auto-update weather data from local WeeWX server [skip ci]
 1 file changed, 3 insertions(+), 3 deletions(-)
To github.com:CloverTerrace/weather.git
   225ccc5cf..db2fa90c8  main -> main
[main 4804b9011] Auto-update weather data from local WeeWX server [skip ci]
 1 file changed, 3 insertions(+), 3 deletions(-)
To github.com:CloverTerrace/weather.git
   1dd27706d..4804b9011  main -> main
[main db3130118] Auto-update weather data from local WeeWX server [skip ci]
 1 file changed, 3 insertions(+), 3 deletions(-)
To github.com:CloverTerrace/weather.git
   a537959a4..db3130118  main -> main
[main 88b1d4dcf] Auto-update weather data from local WeeWX server [skip ci]
 1 file changed, 4 insertions(+), 4 deletions(-)
To github.com:CloverTerrace/weather.git
   223742f4d..88b1d4dcf  main -> main
[main 99f037ca9] Auto-update weather data from local WeeWX server [skip ci]
 1 file changed, 4 insertions(+), 4 deletions(-)
To github.com:CloverTerrace/weather.git
   6af8e17cf..99f037ca9  main -> main
[main 94a8d2fac] Auto-update weather data from local WeeWX server [skip ci]
 1 file changed, 2 insertions(+), 2 deletions(-)
To github.com:CloverTerrace/weather.git
   586865131..94a8d2fac  main -> main
[main f08698c7b] Auto-update weather data from local WeeWX server [skip ci]
 1 file changed, 3 insertions(+), 3 deletions(-)
To github.com:CloverTerrace/weather.git
   e624f6114..f08698c7b  main -> main
[main 68547aaa8] Auto-update weather data from local WeeWX server [skip ci]
 1 file changed, 5 insertions(+), 5 deletions(-)
To github.com:CloverTerrace/weather.git
   c30838f11..68547aaa8  main -> main
[main c4c1db615] Auto-update weather data from local WeeWX server [skip ci]
 1 file changed, 5 insertions(+), 5 deletions(-)
To github.com:CloverTerrace/weather.git
   63a2193c2..c4c1db615  main -> main
[main 02389a419] Auto-update weather data from local WeeWX server [skip ci]
 1 file changed, 4 insertions(+), 4 deletions(-)
To github.com:CloverTerrace/weather.git
   f2de35a56..02389a419  main -> main
[main 9588681b1] Auto-update weather data from local WeeWX server [skip ci]
 1 file changed, 4 insertions(+), 4 deletions(-)
To github.com:CloverTerrace/weather.git
   950088c0a..9588681b1  main -> main
[main a9720b1ab] Auto-update weather data from local WeeWX server [skip ci]
 1 file changed, 4 insertions(+), 4 deletions(-)
To github.com:CloverTerrace/weather.git
   e84bb15c1..a9720b1ab  main -> main
[main 79ea8a1d4] Auto-update weather data from local WeeWX server [skip ci]
 1 file changed, 3 insertions(+), 3 deletions(-)
To github.com:CloverTerrace/weather.git
 ! [rejected]            main -> main (fetch first)
error: failed to push some refs to 'github.com:CloverTerrace/weather.git'
hint: Updates were rejected because the remote contains work that you do not
hint: have locally. This is usually caused by another repository pushing to
hint: the same ref. If you want to integrate the remote changes, use
hint: 'git pull' before pushing again.
hint: See the 'Note about fast-forwards' in 'git push --help' for details.
[main 94f30d262] Auto-update weather data from local WeeWX server [skip ci]
 1 file changed, 3 insertions(+), 3 deletions(-)
To github.com:CloverTerrace/weather.git
   97d67fd00..94f30d262  main -> main
[main 38ba91346] Auto-update weather data from local WeeWX server [skip ci]
 1 file changed, 5 insertions(+), 5 deletions(-)
To github.com:CloverTerrace/weather.git
   cbe341f59..38ba91346  main -> main
[main f46a1fa39] Auto-update weather data from local WeeWX server [skip ci]
 1 file changed, 4 insertions(+), 4 deletions(-)
To github.com:CloverTerrace/weather.git
   dc6ec4d41..f46a1fa39  main -> main
[main 334f6de93] Auto-update weather data from local WeeWX server [skip ci]
 1 file changed, 4 insertions(+), 4 deletions(-)
To github.com:CloverTerrace/weather.git
   8fe9df044..334f6de93  main -> main
[main 56ee89cf3] Auto-update weather data from local WeeWX server [skip ci]
 1 file changed, 4 insertions(+), 4 deletions(-)
To github.com:CloverTerrace/weather.git
   adaf9170b..56ee89cf3  main -> main
[main 12345d42b] Auto-update weather data from local WeeWX server [skip ci]
 1 file changed, 5 insertions(+), 5 deletions(-)
To github.com:CloverTerrace/weather.git
   c2e113e54..12345d42b  main -> main
[main f94e44493] Auto-update weather data from local WeeWX server [skip ci]
 1 file changed, 4 insertions(+), 4 deletions(-)
To github.com:CloverTerrace/weather.git
   25a9d359e..f94e44493  main -> main
[main ee71856a4] Auto-update weather data from local WeeWX server [skip ci]
 1 file changed, 4 insertions(+), 4 deletions(-)
To github.com:CloverTerrace/weather.git
   ab44e4e60..ee71856a4  main -> main
[main 0d6164818] Auto-update weather data from local WeeWX server [skip ci]
 1 file changed, 4 insertions(+), 4 deletions(-)
To github.com:CloverTerrace/weather.git
   cf41dbeaf..0d6164818  main -> main
[main 83be1425c] Auto-update weather data from local WeeWX server [skip ci]
 1 file changed, 4 insertions(+), 4 deletions(-)
To github.com:CloverTerrace/weather.git
   01cf50141..83be1425c  main -> main
[main c673ec0f2] Auto-update weather data from local WeeWX server [skip ci]
 1 file changed, 4 insertions(+), 4 deletions(-)
To github.com:CloverTerrace/weather.git
   f157bb695..c673ec0f2  main -> main
[main 809d4c55d] Auto-update weather data from local WeeWX server [skip ci]
 1 file changed, 5 insertions(+), 5 deletions(-)
To github.com:CloverTerrace/weather.git
   96f8c0fbc..809d4c55d  main -> main
[main 9171b50f1] Auto-update weather data from local WeeWX server [skip ci]
 1 file changed, 3 insertions(+), 3 deletions(-)
To github.com:CloverTerrace/weather.git
   481c867b3..9171b50f1  main -> main
[main 6c7ee3897] Auto-update weather data from local WeeWX server [skip ci]
 1 file changed, 5 insertions(+), 5 deletions(-)
To github.com:CloverTerrace/weather.git
   21a4ec28b..6c7ee3897  main -> main
[main d769d5859] Auto-update weather data from local WeeWX server [skip ci]
 1 file changed, 5 insertions(+), 5 deletions(-)
To github.com:CloverTerrace/weather.git
   8d15cf3c2..d769d5859  main -> main
[main b0f02003f] Auto-update weather data from local WeeWX server [skip ci]
 1 file changed, 4 insertions(+), 4 deletions(-)
To github.com:CloverTerrace/weather.git
   51a4f658e..b0f02003f  main -> main
[main 8d5941065] Auto-update weather data from local WeeWX server [skip ci]
 1 file changed, 6 insertions(+), 6 deletions(-)
To github.com:CloverTerrace/weather.git
   642c01ace..8d5941065  main -> main
[main 046502ad2] Auto-update weather data from local WeeWX server [skip ci]
 1 file changed, 6 insertions(+), 6 deletions(-)
To github.com:CloverTerrace/weather.git
   1bab89c66..046502ad2  main -> main
[main 18c606c0e] Auto-update weather data from local WeeWX server [skip ci]
 1 file changed, 5 insertions(+), 5 deletions(-)
To github.com:CloverTerrace/weather.git
   7983f20af..18c606c0e  main -> main
[main bba74106d] Auto-update weather data from local WeeWX server [skip ci]
 1 file changed, 4 insertions(+), 4 deletions(-)
To github.com:CloverTerrace/weather.git
   d10f53b39..bba74106d  main -> main
[main 76603e660] Auto-update weather data from local WeeWX server [skip ci]
 1 file changed, 4 insertions(+), 4 deletions(-)
To github.com:CloverTerrace/weather.git
   5dc390fde..76603e660  main -> main
[main d79335337] Auto-update weather data from local WeeWX server [skip ci]
 1 file changed, 5 insertions(+), 5 deletions(-)
To github.com:CloverTerrace/weather.git
   b85cf40c2..d79335337  main -> main
[main 0832a135e] Auto-update weather data from local WeeWX server [skip ci]
 1 file changed, 3 insertions(+), 3 deletions(-)
To github.com:CloverTerrace/weather.git
   bbc4442d9..0832a135e  main -> main
[main 51611754e] Auto-update weather data from local WeeWX server [skip ci]
 1 file changed, 5 insertions(+), 5 deletions(-)
To github.com:CloverTerrace/weather.git
   f02558c01..51611754e  main -> main
[main ae63857bc] Auto-update weather data from local WeeWX server [skip ci]
 1 file changed, 6 insertions(+), 6 deletions(-)
To github.com:CloverTerrace/weather.git
   4b8f33956..ae63857bc  main -> main
[main 44fb6a272] Auto-update weather data from local WeeWX server [skip ci]
 1 file changed, 3 insertions(+), 3 deletions(-)
To github.com:CloverTerrace/weather.git
   661cafef5..44fb6a272  main -> main
[main 2d3b02675] Auto-update weather data from local WeeWX server [skip ci]
 1 file changed, 5 insertions(+), 5 deletions(-)
To github.com:CloverTerrace/weather.git
 ! [rejected]            main -> main (fetch first)
error: failed to push some refs to 'github.com:CloverTerrace/weather.git'
hint: Updates were rejected because the remote contains work that you do not
hint: have locally. This is usually caused by another repository pushing to
hint: the same ref. If you want to integrate the remote changes, use
hint: 'git pull' before pushing again.
hint: See the 'Note about fast-forwards' in 'git push --help' for details.
[main 1707e3ba0] Auto-update weather data from local WeeWX server [skip ci]
 1 file changed, 4 insertions(+), 4 deletions(-)
To github.com:CloverTerrace/weather.git
   877a279a0..1707e3ba0  main -> main
[main 8f4b5c25f] Auto-update weather data from local WeeWX server [skip ci]
 1 file changed, 5 insertions(+), 5 deletions(-)
To github.com:CloverTerrace/weather.git
   291abc477..8f4b5c25f  main -> main
[main 1245b6cfe] Auto-update weather data from local WeeWX server [skip ci]
 1 file changed, 4 insertions(+), 4 deletions(-)
To github.com:CloverTerrace/weather.git
   cb2d870d3..1245b6cfe  main -> main
[main d179cef90] Auto-update weather data from local WeeWX server [skip ci]
 1 file changed, 4 insertions(+), 4 deletions(-)
To github.com:CloverTerrace/weather.git
   d76b90398..d179cef90  main -> main
[main f73cf0456] Auto-update weather data from local WeeWX server [skip ci]
 1 file changed, 5 insertions(+), 5 deletions(-)
To github.com:CloverTerrace/weather.git
   d3276b596..f73cf0456  main -> main
[main 0504b17af] Auto-update weather data from local WeeWX server [skip ci]
 1 file changed, 3 insertions(+), 3 deletions(-)
To github.com:CloverTerrace/weather.git
   f1c64fae8..0504b17af  main -> main
[main 92a77bfef] Auto-update weather data from local WeeWX server [skip ci]
 1 file changed, 5 insertions(+), 5 deletions(-)
To github.com:CloverTerrace/weather.git
   aa2bb3077..92a77bfef  main -> main
[main 7fc0789b9] Auto-update weather data from local WeeWX server [skip ci]
 1 file changed, 3 insertions(+), 3 deletions(-)
To github.com:CloverTerrace/weather.git
   d05582569..7fc0789b9  main -> main
[main 7bcedb8b9] Auto-update weather data from local WeeWX server [skip ci]
 1 file changed, 5 insertions(+), 5 deletions(-)
To github.com:CloverTerrace/weather.git
   3d23e1157..7bcedb8b9  main -> main
[main 10fbbfa47] Auto-update weather data from local WeeWX server [skip ci]
 1 file changed, 3 insertions(+), 3 deletions(-)
To github.com:CloverTerrace/weather.git
 ! [rejected]            main -> main (fetch first)
error: failed to push some refs to 'github.com:CloverTerrace/weather.git'
hint: Updates were rejected because the remote contains work that you do not
hint: have locally. This is usually caused by another repository pushing to
hint: the same ref. If you want to integrate the remote changes, use
hint: 'git pull' before pushing again.
hint: See the 'Note about fast-forwards' in 'git push --help' for details.
[main 5ccb9aa92] Auto-update weather data from local WeeWX server [skip ci]
 1 file changed, 6 insertions(+), 6 deletions(-)
To github.com:CloverTerrace/weather.git
   10165c3c8..5ccb9aa92  main -> main
[main 26b0dd3c8] Auto-update weather data from local WeeWX server [skip ci]
 1 file changed, 5 insertions(+), 5 deletions(-)
To github.com:CloverTerrace/weather.git
   da90d844c..26b0dd3c8  main -> main
[main beba5b32b] Auto-update weather data from local WeeWX server [skip ci]
 1 file changed, 5 insertions(+), 5 deletions(-)
To github.com:CloverTerrace/weather.git
   1b8ec548c..beba5b32b  main -> main
[main b3198bc47] Auto-update weather data from local WeeWX server [skip ci]
 1 file changed, 4 insertions(+), 4 deletions(-)
To github.com:CloverTerrace/weather.git
   87b0bd4b8..b3198bc47  main -> main
[main f1223e8c7] Auto-update weather data from local WeeWX server [skip ci]
 1 file changed, 5 insertions(+), 5 deletions(-)
To github.com:CloverTerrace/weather.git
   68f4310ee..f1223e8c7  main -> main
[main 76cc37221] Auto-update weather data from local WeeWX server [skip ci]
 1 file changed, 3 insertions(+), 3 deletions(-)
To github.com:CloverTerrace/weather.git
   498d0a498..76cc37221  main -> main
[main 5af8a90f0] Auto-update weather data from local WeeWX server [skip ci]
 1 file changed, 5 insertions(+), 5 deletions(-)
To github.com:CloverTerrace/weather.git
 ! [rejected]            main -> main (fetch first)
error: failed to push some refs to 'github.com:CloverTerrace/weather.git'
hint: Updates were rejected because the remote contains work that you do not
hint: have locally. This is usually caused by another repository pushing to
hint: the same ref. If you want to integrate the remote changes, use
hint: 'git pull' before pushing again.
hint: See the 'Note about fast-forwards' in 'git push --help' for details.
[main 4900ad583] Auto-update weather data from local WeeWX server [skip ci]
 1 file changed, 5 insertions(+), 5 deletions(-)
To github.com:CloverTerrace/weather.git
   205b1c0d6..4900ad583  main -> main
[main a6e109a73] Auto-update weather data from local WeeWX server [skip ci]
 1 file changed, 4 insertions(+), 4 deletions(-)
To github.com:CloverTerrace/weather.git
   7c4eb88c1..a6e109a73  main -> main
[main 825a5cf57] Auto-update weather data from local WeeWX server [skip ci]
 1 file changed, 5 insertions(+), 5 deletions(-)
To github.com:CloverTerrace/weather.git
   5f1b1f5ad..825a5cf57  main -> main
[main 101cb785a] Auto-update weather data from local WeeWX server [skip ci]
 1 file changed, 3 insertions(+), 3 deletions(-)
To github.com:CloverTerrace/weather.git
   3b9e3a606..101cb785a  main -> main
[main 0860c3500] Auto-update weather data from local WeeWX server [skip ci]
 1 file changed, 4 insertions(+), 4 deletions(-)
To github.com:CloverTerrace/weather.git
   23807d723..0860c3500  main -> main
[main f06450fc0] Auto-update weather data from local WeeWX server [skip ci]
 1 file changed, 5 insertions(+), 5 deletions(-)
To github.com:CloverTerrace/weather.git
 ! [rejected]            main -> main (fetch first)
error: failed to push some refs to 'github.com:CloverTerrace/weather.git'
hint: Updates were rejected because the remote contains work that you do not
hint: have locally. This is usually caused by another repository pushing to
hint: the same ref. If you want to integrate the remote changes, use
hint: 'git pull' before pushing again.
hint: See the 'Note about fast-forwards' in 'git push --help' for details.
[main 9d0f3e31c] Auto-update weather data from local WeeWX server [skip ci]
 1 file changed, 4 insertions(+), 4 deletions(-)
To github.com:CloverTerrace/weather.git
   18372d1b2..9d0f3e31c  main -> main
[main 50b2bdb39] Auto-update weather data from local WeeWX server [skip ci]
 1 file changed, 5 insertions(+), 5 deletions(-)
To github.com:CloverTerrace/weather.git
   2fd7ddb42..50b2bdb39  main -> main
[main 3ca7267f2] Auto-update weather data from local WeeWX server [skip ci]
 1 file changed, 4 insertions(+), 4 deletions(-)
To github.com:CloverTerrace/weather.git
 ! [rejected]            main -> main (fetch first)
error: failed to push some refs to 'github.com:CloverTerrace/weather.git'
hint: Updates were rejected because the remote contains work that you do not
hint: have locally. This is usually caused by another repository pushing to
hint: the same ref. If you want to integrate the remote changes, use
hint: 'git pull' before pushing again.
hint: See the 'Note about fast-forwards' in 'git push --help' for details.
[main d99835673] Auto-update weather data from local WeeWX server [skip ci]
 1 file changed, 5 insertions(+), 5 deletions(-)
To github.com:CloverTerrace/weather.git
   de5636394..d99835673  main -> main
[main ca92199e4] Auto-update weather data from local WeeWX server [skip ci]
 1 file changed, 5 insertions(+), 5 deletions(-)
To github.com:CloverTerrace/weather.git
   cd98cc6b2..ca92199e4  main -> main
[main 8590ccbda] Auto-update weather data from local WeeWX server [skip ci]
 1 file changed, 6 insertions(+), 6 deletions(-)
To github.com:CloverTerrace/weather.git
 ! [rejected]            main -> main (fetch first)
error: failed to push some refs to 'github.com:CloverTerrace/weather.git'
hint: Updates were rejected because the remote contains work that you do not
hint: have locally. This is usually caused by another repository pushing to
hint: the same ref. If you want to integrate the remote changes, use
hint: 'git pull' before pushing again.
hint: See the 'Note about fast-forwards' in 'git push --help' for details.
[main f746e2ba9] Auto-update weather data from local WeeWX server [skip ci]
 1 file changed, 5 insertions(+), 5 deletions(-)
To github.com:CloverTerrace/weather.git
   38fac665a..f746e2ba9  main -> main
[main 70801470a] Auto-update weather data from local WeeWX server [skip ci]
 1 file changed, 6 insertions(+), 6 deletions(-)
To github.com:CloverTerrace/weather.git
   60c0ba44e..70801470a  main -> main
[main 79e1fe8da] Auto-update weather data from local WeeWX server [skip ci]
 1 file changed, 3 insertions(+), 3 deletions(-)
To github.com:CloverTerrace/weather.git
   e555a988b..79e1fe8da  main -> main
[main b0fbc5d46] Auto-update weather data from local WeeWX server [skip ci]
 1 file changed, 5 insertions(+), 5 deletions(-)
To github.com:CloverTerrace/weather.git
   e81e9c6f0..b0fbc5d46  main -> main
[main 5c78fe619] Auto-update weather data from local WeeWX server [skip ci]
 1 file changed, 5 insertions(+), 5 deletions(-)
To github.com:CloverTerrace/weather.git
   51335004d..5c78fe619  main -> main
[main 35a60f946] Auto-update weather data from local WeeWX server [skip ci]
 1 file changed, 5 insertions(+), 5 deletions(-)
To github.com:CloverTerrace/weather.git
   baa43eea9..35a60f946  main -> main
[main 9d8fe66da] Auto-update weather data from local WeeWX server [skip ci]
 1 file changed, 5 insertions(+), 5 deletions(-)
To github.com:CloverTerrace/weather.git
   82301f62b..9d8fe66da  main -> main
[main dee44bc42] Auto-update weather data from local WeeWX server [skip ci]
 1 file changed, 5 insertions(+), 5 deletions(-)
To github.com:CloverTerrace/weather.git
   d1518c969..dee44bc42  main -> main
[main d4df0ef66] Auto-update weather data from local WeeWX server [skip ci]
 1 file changed, 3 insertions(+), 3 deletions(-)
To github.com:CloverTerrace/weather.git
 ! [rejected]            main -> main (fetch first)
error: failed to push some refs to 'github.com:CloverTerrace/weather.git'
hint: Updates were rejected because the remote contains work that you do not
hint: have locally. This is usually caused by another repository pushing to
hint: the same ref. If you want to integrate the remote changes, use
hint: 'git pull' before pushing again.
hint: See the 'Note about fast-forwards' in 'git push --help' for details.
[main 1f32f36df] Auto-update weather data from local WeeWX server [skip ci]
 1 file changed, 5 insertions(+), 5 deletions(-)
To github.com:CloverTerrace/weather.git
   d6f8bb80e..1f32f36df  main -> main
[main ddbf48fac] Auto-update weather data from local WeeWX server [skip ci]
 1 file changed, 4 insertions(+), 4 deletions(-)
To github.com:CloverTerrace/weather.git
   38f7f6145..ddbf48fac  main -> main
[main ae741b100] Auto-update weather data from local WeeWX server [skip ci]
 1 file changed, 5 insertions(+), 5 deletions(-)
To github.com:CloverTerrace/weather.git
   669328768..ae741b100  main -> main
[main baffb59d0] Auto-update weather data from local WeeWX server [skip ci]
 1 file changed, 6 insertions(+), 6 deletions(-)
To github.com:CloverTerrace/weather.git
   ae77631e7..baffb59d0  main -> main
[main 8ac32ac9f] Auto-update weather data from local WeeWX server [skip ci]
 1 file changed, 7 insertions(+), 7 deletions(-)
To github.com:CloverTerrace/weather.git
   4adb542f9..8ac32ac9f  main -> main
[main f8dec534b] Auto-update weather data from local WeeWX server [skip ci]
 1 file changed, 8 insertions(+), 8 deletions(-)
To github.com:CloverTerrace/weather.git
   e69810da6..f8dec534b  main -> main
[main 79ffacf9b] Auto-update weather data from local WeeWX server [skip ci]
 1 file changed, 6 insertions(+), 6 deletions(-)
To github.com:CloverTerrace/weather.git
   53e338891..79ffacf9b  main -> main
[main c89d11fa5] Auto-update weather data from local WeeWX server [skip ci]
 1 file changed, 5 insertions(+), 5 deletions(-)
To github.com:CloverTerrace/weather.git
   bb4368598..c89d11fa5  main -> main
[main 9475a9851] Auto-update weather data from local WeeWX server [skip ci]
 1 file changed, 8 insertions(+), 8 deletions(-)
To github.com:CloverTerrace/weather.git
   067d8ee55..9475a9851  main -> main
[main 251f880c0] Auto-update weather data from local WeeWX server [skip ci]
 1 file changed, 6 insertions(+), 6 deletions(-)
To github.com:CloverTerrace/weather.git
   628f991a0..251f880c0  main -> main
[main 4042c2a74] Auto-update weather data from local WeeWX server [skip ci]
 1 file changed, 8 insertions(+), 8 deletions(-)
To github.com:CloverTerrace/weather.git
   4c9c0eb70..4042c2a74  main -> main
[main bd3007d70] Auto-update weather data from local WeeWX server [skip ci]
 1 file changed, 6 insertions(+), 6 deletions(-)
To github.com:CloverTerrace/weather.git
 ! [remote rejected]     main -> main (cannot lock ref 'refs/heads/main': is at 003745b15d317aec0fb5bb63f17398783c328409 but expected c3e3da4d8bc83819daf1cf4b9a73dad20c2f00a5)
error: failed to push some refs to 'github.com:CloverTerrace/weather.git'
[main a85def98e] Auto-update weather data from local WeeWX server [skip ci]
 1 file changed, 6 insertions(+), 6 deletions(-)
To github.com:CloverTerrace/weather.git
   fe2fc532f..a85def98e  main -> main
[main c7aef7d6d] Auto-update weather data from local WeeWX server [skip ci]
 1 file changed, 7 insertions(+), 7 deletions(-)
To github.com:CloverTerrace/weather.git
   187cdb201..c7aef7d6d  main -> main
[main 70be73c40] Auto-update weather data from local WeeWX server [skip ci]
 1 file changed, 7 insertions(+), 7 deletions(-)
To github.com:CloverTerrace/weather.git
   e11affdb3..70be73c40  main -> main
[main 3cda8e2f6] Auto-update weather data from local WeeWX server [skip ci]
 1 file changed, 6 insertions(+), 6 deletions(-)
To github.com:CloverTerrace/weather.git
   41b9ff0f6..3cda8e2f6  main -> main
[main f644fa48e] Auto-update weather data from local WeeWX server [skip ci]
 1 file changed, 7 insertions(+), 7 deletions(-)
To github.com:CloverTerrace/weather.git
   f60b16b7d..f644fa48e  main -> main
[main 11903afd8] Auto-update weather data from local WeeWX server [skip ci]
 1 file changed, 5 insertions(+), 5 deletions(-)
To github.com:CloverTerrace/weather.git
   b8fd968fe..11903afd8  main -> main
[main 361214e36] Auto-update weather data from local WeeWX server [skip ci]
 1 file changed, 8 insertions(+), 8 deletions(-)
To github.com:CloverTerrace/weather.git
   bdd8ba254..361214e36  main -> main
[main f7c3a4b4d] Auto-update weather data from local WeeWX server [skip ci]
 1 file changed, 6 insertions(+), 6 deletions(-)
To github.com:CloverTerrace/weather.git
   0a12dced3..f7c3a4b4d  main -> main
[main b89a960cb] Auto-update weather data from local WeeWX server [skip ci]
 1 file changed, 6 insertions(+), 6 deletions(-)
To github.com:CloverTerrace/weather.git
   d1abdae10..b89a960cb  main -> main
[main 8dfc057b5] Auto-update weather data from local WeeWX server [skip ci]
 1 file changed, 8 insertions(+), 8 deletions(-)
To github.com:CloverTerrace/weather.git
   b685a2c64..8dfc057b5  main -> main
[main 985c47837] Auto-update weather data from local WeeWX server [skip ci]
 1 file changed, 6 insertions(+), 6 deletions(-)
To github.com:CloverTerrace/weather.git
   bbfc98dfe..985c47837  main -> main
[main cac9fbdb0] Auto-update weather data from local WeeWX server [skip ci]
 1 file changed, 8 insertions(+), 8 deletions(-)
To github.com:CloverTerrace/weather.git
   b564d1360..cac9fbdb0  main -> main
[main 462889daf] Auto-update weather data from local WeeWX server [skip ci]
 1 file changed, 8 insertions(+), 8 deletions(-)
To github.com:CloverTerrace/weather.git
   ad3a682bf..462889daf  main -> main
[main 2202d5927] Auto-update weather data from local WeeWX server [skip ci]
 1 file changed, 9 insertions(+), 9 deletions(-)
To github.com:CloverTerrace/weather.git
   7af2c48dc..2202d5927  main -> main
[main ecc487cab] Auto-update weather data from local WeeWX server [skip ci]
 1 file changed, 9 insertions(+), 9 deletions(-)
To github.com:CloverTerrace/weather.git
   b92c04514..ecc487cab  main -> main
[main 9da45279d] Auto-update weather data from local WeeWX server [skip ci]
 1 file changed, 6 insertions(+), 6 deletions(-)
To github.com:CloverTerrace/weather.git
   dc9ec5220..9da45279d  main -> main
[main dacf5e68b] Auto-update weather data from local WeeWX server [skip ci]
 1 file changed, 8 insertions(+), 8 deletions(-)
To github.com:CloverTerrace/weather.git
   6284770eb..dacf5e68b  main -> main
[main 81a51587a] Auto-update weather data from local WeeWX server [skip ci]
 1 file changed, 7 insertions(+), 7 deletions(-)
To github.com:CloverTerrace/weather.git
   c9575ed1b..81a51587a  main -> main
[main 8aec242c6] Auto-update weather data from local WeeWX server [skip ci]
 1 file changed, 7 insertions(+), 7 deletions(-)
To github.com:CloverTerrace/weather.git
   0e5924eaa..8aec242c6  main -> main
[main 85fcebda4] Auto-update weather data from local WeeWX server [skip ci]
 1 file changed, 5 insertions(+), 5 deletions(-)
To github.com:CloverTerrace/weather.git
   1a55a9736..85fcebda4  main -> main
[main 0d67c9aca] Auto-update weather data from local WeeWX server [skip ci]
 1 file changed, 7 insertions(+), 7 deletions(-)
To github.com:CloverTerrace/weather.git
   91030cf62..0d67c9aca  main -> main
[main 9d6586095] Auto-update weather data from local WeeWX server [skip ci]
 1 file changed, 7 insertions(+), 7 deletions(-)
To github.com:CloverTerrace/weather.git
   0154481f6..9d6586095  main -> main
[main 1a453ac15] Auto-update weather data from local WeeWX server [skip ci]
 1 file changed, 7 insertions(+), 7 deletions(-)
To github.com:CloverTerrace/weather.git
   3e708eb51..1a453ac15  main -> main
[main b643f0dd6] Auto-update weather data from local WeeWX server [skip ci]
 1 file changed, 6 insertions(+), 6 deletions(-)
To github.com:CloverTerrace/weather.git
   62f9418c7..b643f0dd6  main -> main
[main 8dbc553a6] Auto-update weather data from local WeeWX server [skip ci]
 1 file changed, 8 insertions(+), 8 deletions(-)
To github.com:CloverTerrace/weather.git
   d46a8137e..8dbc553a6  main -> main
[main 035d06b5b] Auto-update weather data from local WeeWX server [skip ci]
 1 file changed, 5 insertions(+), 5 deletions(-)
To github.com:CloverTerrace/weather.git
   8e9a339d0..035d06b5b  main -> main
[main 25fae214a] Auto-update weather data from local WeeWX server [skip ci]
 1 file changed, 7 insertions(+), 7 deletions(-)
To github.com:CloverTerrace/weather.git
   789fef8d6..25fae214a  main -> main
[main 8607fb84e] Auto-update weather data from local WeeWX server [skip ci]
 1 file changed, 6 insertions(+), 6 deletions(-)
To github.com:CloverTerrace/weather.git
   ddb9c0778..8607fb84e  main -> main
[main 5f0117a0e] Auto-update weather data from local WeeWX server [skip ci]
 1 file changed, 8 insertions(+), 8 deletions(-)
To github.com:CloverTerrace/weather.git
   99a2e252a..5f0117a0e  main -> main
[main c839c3aa8] Auto-update weather data from local WeeWX server [skip ci]
 1 file changed, 7 insertions(+), 7 deletions(-)
To github.com:CloverTerrace/weather.git
   1a5913060..c839c3aa8  main -> main
[main ba8ef527e] Auto-update weather data from local WeeWX server [skip ci]
 1 file changed, 8 insertions(+), 8 deletions(-)
To github.com:CloverTerrace/weather.git
   69bc7602c..ba8ef527e  main -> main
[main a3efd4e5a] Auto-update weather data from local WeeWX server [skip ci]
 1 file changed, 6 insertions(+), 6 deletions(-)
To github.com:CloverTerrace/weather.git
   7f08d75ee..a3efd4e5a  main -> main
[main b46445ad8] Auto-update weather data from local WeeWX server [skip ci]
 1 file changed, 8 insertions(+), 8 deletions(-)
To github.com:CloverTerrace/weather.git
   4b34fd1cf..b46445ad8  main -> main
[main 7e8caeebc] Auto-update weather data from local WeeWX server [skip ci]
 1 file changed, 7 insertions(+), 7 deletions(-)
To github.com:CloverTerrace/weather.git
   7225ee4e8..7e8caeebc  main -> main
[main 184ca6881] Auto-update weather data from local WeeWX server [skip ci]
 1 file changed, 6 insertions(+), 6 deletions(-)
To github.com:CloverTerrace/weather.git
   6de0c4a8c..184ca6881  main -> main
[main be4630a92] Auto-update weather data from local WeeWX server [skip ci]
 1 file changed, 6 insertions(+), 6 deletions(-)
To github.com:CloverTerrace/weather.git
   f406cf165..be4630a92  main -> main
[main 35876b680] Auto-update weather data from local WeeWX server [skip ci]
 1 file changed, 7 insertions(+), 7 deletions(-)
To github.com:CloverTerrace/weather.git
   cc2d42c94..35876b680  main -> main
[main 601ad9e94] Auto-update weather data from local WeeWX server [skip ci]
 1 file changed, 5 insertions(+), 5 deletions(-)
To github.com:CloverTerrace/weather.git
   f3c1436ac..601ad9e94  main -> main
[main bd26071fa] Auto-update weather data from local WeeWX server [skip ci]
 1 file changed, 6 insertions(+), 6 deletions(-)
To github.com:CloverTerrace/weather.git
   0b440940f..bd26071fa  main -> main
[main 548f17d8a] Auto-update weather data from local WeeWX server [skip ci]
 1 file changed, 5 insertions(+), 5 deletions(-)
To github.com:CloverTerrace/weather.git
   935bb8dd4..548f17d8a  main -> main
[main 186a3290d] Auto-update weather data from local WeeWX server [skip ci]
 1 file changed, 8 insertions(+), 8 deletions(-)
To github.com:CloverTerrace/weather.git
   2e5304b27..186a3290d  main -> main
[main 3dce45dd8] Auto-update weather data from local WeeWX server [skip ci]
 1 file changed, 5 insertions(+), 5 deletions(-)
To github.com:CloverTerrace/weather.git
   4bfaec1b0..3dce45dd8  main -> main
[main f51149b9c] Auto-update weather data from local WeeWX server [skip ci]
 1 file changed, 6 insertions(+), 6 deletions(-)
To github.com:CloverTerrace/weather.git
   b843af82c..f51149b9c  main -> main
[main fac66a42a] Auto-update weather data from local WeeWX server [skip ci]
 1 file changed, 6 insertions(+), 6 deletions(-)
To github.com:CloverTerrace/weather.git
   16230a602..fac66a42a  main -> main
[main 07094bed5] Auto-update weather data from local WeeWX server [skip ci]
 1 file changed, 5 insertions(+), 5 deletions(-)
To github.com:CloverTerrace/weather.git
   4b342289c..07094bed5  main -> main
[main dff327cb3] Auto-update weather data from local WeeWX server [skip ci]
 1 file changed, 5 insertions(+), 5 deletions(-)
To github.com:CloverTerrace/weather.git
   c1e4dcbba..dff327cb3  main -> main
[main 6065a5c64] Auto-update weather data from local WeeWX server [skip ci]
 1 file changed, 8 insertions(+), 8 deletions(-)
To github.com:CloverTerrace/weather.git
   6532b4508..6065a5c64  main -> main
[main 588256515] Auto-update weather data from local WeeWX server [skip ci]
 1 file changed, 7 insertions(+), 7 deletions(-)
To github.com:CloverTerrace/weather.git
   98ed15568..588256515  main -> main
[main 797893799] Auto-update weather data from local WeeWX server [skip ci]
 1 file changed, 8 insertions(+), 8 deletions(-)
To github.com:CloverTerrace/weather.git
   2552f669e..797893799  main -> main
[main 4809f6477] Auto-update weather data from local WeeWX server [skip ci]
 1 file changed, 5 insertions(+), 5 deletions(-)
To github.com:CloverTerrace/weather.git
   3ca914b71..4809f6477  main -> main
[main c32bedc88] Auto-update weather data from local WeeWX server [skip ci]
 1 file changed, 7 insertions(+), 7 deletions(-)
To github.com:CloverTerrace/weather.git
   f4739007d..c32bedc88  main -> main
[main ae66b5ade] Auto-update weather data from local WeeWX server [skip ci]
 1 file changed, 8 insertions(+), 8 deletions(-)
To github.com:CloverTerrace/weather.git
   8ad4dfd8b..ae66b5ade  main -> main
[main a4a15a0f9] Auto-update weather data from local WeeWX server [skip ci]
 1 file changed, 4 insertions(+), 4 deletions(-)
To github.com:CloverTerrace/weather.git
   396be0bef..a4a15a0f9  main -> main
[main 8d0fa52ba] Auto-update weather data from local WeeWX server [skip ci]
 1 file changed, 6 insertions(+), 6 deletions(-)
To github.com:CloverTerrace/weather.git
   134202a53..8d0fa52ba  main -> main
[main b49171226] Auto-update weather data from local WeeWX server [skip ci]
 1 file changed, 8 insertions(+), 8 deletions(-)
To github.com:CloverTerrace/weather.git
   b8ed94b13..b49171226  main -> main
[main ebe77a1ea] Auto-update weather data from local WeeWX server [skip ci]
 1 file changed, 8 insertions(+), 8 deletions(-)
To github.com:CloverTerrace/weather.git
   354a9d6e5..ebe77a1ea  main -> main
[main 211393299] Auto-update weather data from local WeeWX server [skip ci]
 1 file changed, 5 insertions(+), 5 deletions(-)
To github.com:CloverTerrace/weather.git
   54f47d164..211393299  main -> main
